Found 3 candidates:
  func Foo() *http.Request
  func main()
  package http 
