Found 1 candidates:
  func NewReader(r io.Reader) io.Reader
