Found 1 candidates:
  func Read(p []byte) (n int, err error)
